// Jest Snapshot v1, https://goo.gl/fbAQLP

exports[`<BackPack /> renders and displays properly 1`] = `
<BackPack
  cellSize={20}
  data={
    Array [
      0,
      0,
      0,
      Array [
        21,
        "GREEN",
      ],
      0,
      0,
      Array [
        20,
        "BLUE",
      ],
    ]
  }
>
  <table>
    <tbody>
      <tr
        key="0"
      >
        <styled.td
          className="green center stack-key"
          height={20}
          width={20}
        >
          <td
            className="sc-AxirZ dhaQcU green center stack-key"
            height={20}
            width={20}
          />
        </styled.td>
      </tr>
      <tr
        key="1"
      >
        <styled.td
          className="green center stack-key"
          height={20}
          width={20}
        >
          <td
            className="sc-AxirZ dhaQcU green center stack-key"
            height={20}
            width={20}
          />
        </styled.td>
      </tr>
      <tr
        key="2"
      >
        <styled.td
          className="green center stack-key"
          height={20}
          width={20}
        >
          <td
            className="sc-AxirZ dhaQcU green center stack-key"
            height={20}
            width={20}
          />
        </styled.td>
      </tr>
      <tr
        key="3"
      >
        <styled.td
          className="green center stack-key"
          height={20}
          width={20}
        >
          <td
            className="sc-AxirZ dhaQcU green center stack-key"
            height={20}
            width={20}
          >
            <LMGridObjectIcon
              className=""
              tag={
                Array [
                  21,
                  "GREEN",
                ]
              }
            >
              <styled.i
                className="material-icons text-darken-2 green-text  "
              >
                <i
                  className="sc-AxjAm ipUlGN material-icons text-darken-2 green-text  "
                >
                  vpn_key
                </i>
              </styled.i>
            </LMGridObjectIcon>
          </td>
        </styled.td>
      </tr>
      <tr
        key="4"
      >
        <styled.td
          className="green center stack-key"
          height={20}
          width={20}
        >
          <td
            className="sc-AxirZ dhaQcU green center stack-key"
            height={20}
            width={20}
          />
        </styled.td>
      </tr>
      <tr
        key="5"
      >
        <styled.td
          className="green center stack-key"
          height={20}
          width={20}
        >
          <td
            className="sc-AxirZ dhaQcU green center stack-key"
            height={20}
            width={20}
          />
        </styled.td>
      </tr>
      <tr
        key="6"
      >
        <styled.td
          className="green center stack-key"
          height={20}
          width={20}
        >
          <td
            className="sc-AxirZ dhaQcU green center stack-key"
            height={20}
            width={20}
          >
            <LMGridObjectIcon
              className=""
              tag={
                Array [
                  20,
                  "BLUE",
                ]
              }
            >
              <styled.i
                className="material-icons text-darken-2 blue-text  "
              >
                <i
                  className="sc-AxjAm ipUlGN material-icons text-darken-2 blue-text  "
                >
                  vpn_key
                </i>
              </styled.i>
            </LMGridObjectIcon>
          </td>
        </styled.td>
      </tr>
    </tbody>
  </table>
</BackPack>
`;
