// Jest Snapshot v1, https://goo.gl/fbAQLP

exports[`<GridIntro /> render properly 1`] = `
<div
  className="col s12 card-panel lime lighten-4"
>
  <div
    className="row"
  />
  <blockquote>
    <ul
      className="collapsible"
    >
      <li>
        <div
          className="collapsible-header"
        >
          <i
            className="material-icons"
          >
            flash_on
          </i>
           Load Level
        </div>
        <div
          className="collapsible-body"
        >
          <div
            className="input-field "
          >
            <select
              onChange={[Function]}
            >
              <option
                disabled={true}
                value=""
              >
                Choose your level
              </option>
              <option
                key="0"
                value={0}
              >
                level_zero
              </option>
              <option
                key="1"
                value={1}
              >
                level_1
              </option>
              <option
                key="2"
                value={2}
              >
                level_2
              </option>
              <option
                key="3"
                value={3}
              >
                level_3
              </option>
            </select>
            <label>
              Level
            </label>
          </div>
        </div>
      </li>
      <li
        className="active"
      >
        <div
          className="collapsible-header"
        >
          <i
            className="material-icons"
          >
            beach_access
          </i>
          The Mission:
        </div>
        <div
          className="collapsible-body"
        >
          Open the BLUE DOOR!
        </div>
      </li>
      <li>
        <div
          className="collapsible-header"
        >
          <i
            className="material-icons"
          >
            dashboard
          </i>
          Navigation
        </div>
        <div
          className="collapsible-body"
        >
          <p>
            <i
              className="material-icons"
            >
              arrow_back
            </i>
             - go left
          </p>
          <p>
            <i
              className="material-icons"
            >
              arrow_forward
            </i>
             - go right
          </p>
          <p>
            <i
              className="material-icons"
            >
              arrow_upward
            </i>
             - go up
          </p>
          <p>
            <i
              className="material-icons"
            >
              arrow_downward
            </i>
             - go down
          </p>
          <p>
            <i
              className="material-icons"
            >
              photo_camera
            </i>
             [Alt] - observe
          </p>
          <p>
            <i
              className="material-icons"
            >
              publish
            </i>
             [Space] - pick an object
          </p>
          <p>
            <i
              className="material-icons"
            >
              lock_open
            </i>
             [Enter] - open the door
          </p>
        </div>
      </li>
    </ul>
  </blockquote>
</div>
`;
