// Jest Snapshot v1, https://goo.gl/fbAQLP

exports[`<LMGrid /> displays and shows properly 1`] = `
<styled.div
  className="row"
>
  <div
    className="col s12 "
  >
    <styled.div
      className="row"
      key="0"
    >
      <styled.div
        className="generated-grid-cell"
        height={40}
        id="lm-grid-cell-0-0"
        key="0"
        onClick={[Function]}
        width={40}
      >
        <input
          id="lm-grid-cell-input-0-0"
          type="checkbox"
        />
        <label
          htmlFor="lm-grid-cell-input-0-0"
        />
      </styled.div>
      <styled.div
        className="generated-grid-cell"
        height={40}
        id="lm-grid-cell-0-1"
        key="1"
        onClick={[Function]}
        width={40}
      >
        <input
          id="lm-grid-cell-input-0-1"
          type="checkbox"
        />
        <label
          htmlFor="lm-grid-cell-input-0-1"
        />
      </styled.div>
      <styled.div
        className="generated-grid-cell"
        height={40}
        id="lm-grid-cell-0-2"
        key="2"
        onClick={[Function]}
        width={40}
      >
        <input
          id="lm-grid-cell-input-0-2"
          type="checkbox"
        />
        <label
          htmlFor="lm-grid-cell-input-0-2"
        />
      </styled.div>
    </styled.div>
    <styled.div
      className="row"
      key="1"
    >
      <styled.div
        className="generated-grid-cell"
        height={40}
        id="lm-grid-cell-1-0"
        key="0"
        onClick={[Function]}
        width={40}
      >
        <input
          id="lm-grid-cell-input-1-0"
          type="checkbox"
        />
        <label
          htmlFor="lm-grid-cell-input-1-0"
        />
      </styled.div>
      <styled.div
        className="generated-grid-cell"
        height={40}
        id="lm-grid-cell-1-1"
        key="1"
        onClick={[Function]}
        width={40}
      >
        <input
          id="lm-grid-cell-input-1-1"
          type="checkbox"
        />
        <label
          htmlFor="lm-grid-cell-input-1-1"
        />
      </styled.div>
      <styled.div
        className="generated-grid-cell"
        height={40}
        id="lm-grid-cell-1-2"
        key="2"
        onClick={[Function]}
        width={40}
      >
        <input
          id="lm-grid-cell-input-1-2"
          type="checkbox"
        />
        <label
          htmlFor="lm-grid-cell-input-1-2"
        />
      </styled.div>
    </styled.div>
    <styled.div
      className="row"
      key="2"
    >
      <styled.div
        className="generated-grid-cell"
        height={40}
        id="lm-grid-cell-2-0"
        key="0"
        onClick={[Function]}
        width={40}
      >
        <input
          id="lm-grid-cell-input-2-0"
          type="checkbox"
        />
        <label
          htmlFor="lm-grid-cell-input-2-0"
        />
      </styled.div>
      <styled.div
        className="generated-grid-cell"
        height={40}
        id="lm-grid-cell-2-1"
        key="1"
        onClick={[Function]}
        width={40}
      >
        <input
          id="lm-grid-cell-input-2-1"
          type="checkbox"
        />
        <label
          htmlFor="lm-grid-cell-input-2-1"
        />
      </styled.div>
      <styled.div
        className="generated-grid-cell"
        height={40}
        id="lm-grid-cell-2-2"
        key="2"
        onClick={[Function]}
        width={40}
      >
        <input
          id="lm-grid-cell-input-2-2"
          type="checkbox"
        />
        <label
          htmlFor="lm-grid-cell-input-2-2"
        />
      </styled.div>
    </styled.div>
    <LMGridTools
      cellHeight={40}
      cellSize={3}
      cellWidth={40}
      gridWidth={0}
      handleInsert={[Function]}
      key="1"
      multipleMode={false}
      open={false}
      parentLeft={0}
      parentTop={0}
    />
  </div>
</styled.div>
`;
